// Jest Snapshot v1, https://goo.gl/fbAQLP

exports[`<FavoriteButton /> renders the UI as expected 1`] = `
<span
  className="favme"
  onAnimationEnd={[Function]}
  onClick={[Function]}
>
  â™¥
</span>
`;
