// Jest Snapshot v1, https://goo.gl/fbAQLP

exports[`<Loader /> renders the UI as expected 1`] = `
<div
  className="Loader"
>
  <div
    className="Loader__bounce1"
  />
  <div
    className="Loader__bounce2"
  />
  <div
    className="Loader__bounce3"
  />
</div>
`;
